חברת החשמל לישראל בע"מ 656.44דלק, חשמל וגז  
